Baseline run  symbols=SPY,QQQ,IWM  2015-01-01 → 2024-12-31

════════ SPY ════════
  source=yahoo-v8  bars=2516  hash=c9edad3e13c6c6d9  integrity=clean
┌─────────┬───────────────────┬─────────────┬────────────┬────────────┬─────────┬──────────┬────────┬─────┐
│ (index) │ strategy          │ trainSharpe │ testSharpe │ fullSharpe │ cagrPct │ maxDDPct │ trades │ psr │
├─────────┼───────────────────┼─────────────┼────────────┼────────────┼─────────┼──────────┼────────┼─────┤
│ 0       │ 'BuyAndHold'      │ 0.88        │ 0.57       │ 0.79       │ 13.09   │ -33.71   │ 1      │ 1   │
│ 1       │ 'SMA(20/50)'      │ 1.11        │ 0.2        │ 0.76       │ 8.23    │ -28.22   │ 24     │ 1   │
│ 2       │ 'SMA(10/30)'      │ 0.65        │ 0.61       │ 0.59       │ 6.12    │ -17.42   │ 38     │ 1   │
│ 3       │ 'RSI(14,30/55)'   │ 0.61        │ 0.86       │ 0.65       │ 7.68    │ -28.82   │ 32     │ 1   │
│ 4       │ 'Donchian(20/10)' │ 0.88        │ 0.95       │ 0.86       │ 7.55    │ -9.01    │ 59     │ 1   │
└─────────┴───────────────────┴─────────────┴────────────┴────────────┴─────────┴──────────┴────────┴─────┘

Walk-forward (SMA grid, 5 folds):
  mean OOS Sharpe = 0.72

Monte Carlo on SMA(10/30) trades (38 trades over 10.0y, 1000 iters):
  Sharpe p05=0.1285  p50=0.6073  p95=1.0322
  MaxDD  p05=-0.2652 p50=-0.1347 p95=-0.0657

Deflated Sharpe (best strat, 4 trials): deflated=0.439  p=1
Reality Check p-value: 0.994  (best strategy not statistically distinguishable after correction)

Regime breakdown (SMA 10/30):
{
  "bull": {
    "bars": 1317,
    "annualReturnPct": 8.39,
    "annualVolPct": 10.41,
    "sharpe": 0.81
  },
  "bear": {
    "bars": 124,
    "annualReturnPct": -20.29,
    "annualVolPct": 14.01,
    "sharpe": -1.45
  },
  "chop": {
    "bars": 875,
    "annualReturnPct": 9.73,
    "annualVolPct": 12.17,
    "sharpe": 0.8
  }
}

manifest: journal/manifests/7d40b4ac-291d-42ee-b30f-b417404f09fa.json

════════ QQQ ════════
  source=yahoo-v8  bars=2516  hash=ced0f5135de020b1  integrity=clean
┌─────────┬───────────────────┬─────────────┬────────────┬────────────┬─────────┬──────────┬────────┬─────┐
│ (index) │ strategy          │ trainSharpe │ testSharpe │ fullSharpe │ cagrPct │ maxDDPct │ trades │ psr │
├─────────┼───────────────────┼─────────────┼────────────┼────────────┼─────────┼──────────┼────────┼─────┤
│ 0       │ 'BuyAndHold'      │ 1.08        │ 0.49       │ 0.88       │ 18.37   │ -35.12   │ 1      │ 1   │
│ 1       │ 'SMA(20/50)'      │ 0.71        │ 0.42       │ 0.57       │ 7.97    │ -30      │ 25     │ 1   │
│ 2       │ 'SMA(10/30)'      │ 1.04        │ 0.51       │ 0.84       │ 11.28   │ -21.71   │ 41     │ 1   │
│ 3       │ 'RSI(14,30/55)'   │ 0.55        │ 0.59       │ 0.54       │ 7.01    │ -22.4    │ 29     │ 1   │
│ 4       │ 'Donchian(20/10)' │ 0.74        │ 0.58       │ 0.64       │ 6.85    │ -19.72   │ 66     │ 1   │
└─────────┴───────────────────┴─────────────┴────────────┴────────────┴─────────┴──────────┴────────┴─────┘

Walk-forward (SMA grid, 5 folds):
  mean OOS Sharpe = 0.81

Monte Carlo on SMA(10/30) trades (41 trades over 10.0y, 1000 iters):
  Sharpe p05=0.325  p50=0.7504  p95=1.1699
  MaxDD  p05=-0.2972 p50=-0.1657 p95=-0.0875

Deflated Sharpe (best strat, 4 trials): deflated=0.419  p=1
Reality Check p-value: 0.992  (best strategy not statistically distinguishable after correction)

Regime breakdown (SMA 10/30):
{
  "bull": {
    "bars": 1524,
    "annualReturnPct": 15.74,
    "annualVolPct": 14.58,
    "sharpe": 1.08
  },
  "bear": {
    "bars": 198,
    "annualReturnPct": -17.31,
    "annualVolPct": 16.93,
    "sharpe": -1.02
  },
  "chop": {
    "bars": 594,
    "annualReturnPct": 15.91,
    "annualVolPct": 12.22,
    "sharpe": 1.3
  }
}

manifest: journal/manifests/9f3442e6-bbd4-45ff-9a9c-5091594c4d05.json

════════ IWM ════════
  source=yahoo-v8  bars=2516  hash=3135d186519571e2  integrity=clean
┌─────────┬───────────────────┬─────────────┬────────────┬────────────┬─────────┬──────────┬────────┬─────┐
│ (index) │ strategy          │ trainSharpe │ testSharpe │ fullSharpe │ cagrPct │ maxDDPct │ trades │ psr │
├─────────┼───────────────────┼─────────────┼────────────┼────────────┼─────────┼──────────┼────────┼─────┤
│ 0       │ 'BuyAndHold'      │ 0.58        │ 0.16       │ 0.45       │ 7.88    │ -41.13   │ 1      │ 1   │
│ 1       │ 'SMA(20/50)'      │ 0.63        │ -0.26      │ 0.35       │ 4.26    │ -35.32   │ 27     │ 1   │
│ 2       │ 'SMA(10/30)'      │ 0.34        │ -0.35      │ 0.08       │ 0.03    │ -42.83   │ 50     │ 1   │
│ 3       │ 'RSI(14,30/55)'   │ 0.23        │ 0.08       │ 0.15       │ 1.05    │ -34.33   │ 34     │ 1   │
│ 4       │ 'Donchian(20/10)' │ 0.29        │ -0.27      │ 0.08       │ 0.24    │ -33.29   │ 65     │ 1   │
└─────────┴───────────────────┴─────────────┴────────────┴────────────┴─────────┴──────────┴────────┴─────┘

Walk-forward (SMA grid, 5 folds):
  mean OOS Sharpe = 0.276

Monte Carlo on SMA(10/30) trades (50 trades over 10.0y, 1000 iters):
  Sharpe p05=-0.5263  p50=0.0658  p95=0.5345
  MaxDD  p05=-0.5612 p50=-0.342 p95=-0.1741

Deflated Sharpe (best strat, 4 trials): deflated=-0.071  p=0.0002
Reality Check p-value: 0.958  (best strategy not statistically distinguishable after correction)

Regime breakdown (SMA 10/30):
{
  "bull": {
    "bars": 939,
    "annualReturnPct": -0.94,
    "annualVolPct": 15.04,
    "sharpe": -0.06
  },
  "bear": {
    "bars": 358,
    "annualReturnPct": 1.26,
    "annualVolPct": 17.14,
    "sharpe": 0.07
  },
  "chop": {
    "bars": 1019,
    "annualReturnPct": 3.39,
    "annualVolPct": 14.94,
    "sharpe": 0.23
  }
}

manifest: journal/manifests/2901b7fe-bdbb-47b9-88d9-9fe60ee13209.json

Done.
